2026-02-04T16:10:22.541-05:00  INFO 1971 --- [code] [main] com.project.code.CodeApplication         : Starting CodeApplication using Java 21.0.9 with PID 1971 (/home/project/code/target/classes started by theia in /home/project/code)
2026-02-04T16:10:22.544-05:00 DEBUG 1971 --- [code] [main] com.project.code.CodeApplication         : Running with Spring Boot v4.0.2, Spring v7.0.3
2026-02-04T16:10:22.545-05:00  INFO 1971 --- [code] [main] com.project.code.CodeApplication         : No active profile set, falling back to 1 default profile: "default"
2026-02-04T16:10:23.132-05:00  INFO 1971 --- [code] [main] .s.d.r.c.RepositoryConfigurationDelegate : Bootstrapping Spring Data JDBC repositories in DEFAULT mode.
2026-02-04T16:10:23.151-05:00  INFO 1971 --- [code] [main] .s.d.r.c.RepositoryConfigurationDelegate : Finished Spring Data repository scanning in 12 ms. Found 0 JDBC repository interfaces.
2026-02-04T16:10:23.648-05:00  INFO 1971 --- [code] [main] o.s.boot.tomcat.TomcatWebServer          : Tomcat initialized with port 8080 (http)
2026-02-04T16:10:23.665-05:00  INFO 1971 --- [code] [main] o.apache.catalina.core.StandardService   : Starting service [Tomcat]
2026-02-04T16:10:23.665-05:00  INFO 1971 --- [code] [main] o.apache.catalina.core.StandardEngine    : Starting Servlet engine: [Apache Tomcat/11.0.15]
2026-02-04T16:10:23.712-05:00  INFO 1971 --- [code] [main] b.w.c.s.WebApplicationContextInitializer : Root WebApplicationContext: initialization completed in 1102 ms
2026-02-04T16:10:24.207-05:00  INFO 1971 --- [code] [main] com.zaxxer.hikari.HikariDataSource       : HikariPool-1 - Starting...
2026-02-04T16:10:24.600-05:00  INFO 1971 --- [code] [main] com.zaxxer.hikari.pool.HikariPool        : HikariPool-1 - Added connection com.mysql.cj.jdbc.ConnectionImpl@3554bdc0
2026-02-04T16:10:24.603-05:00  INFO 1971 --- [code] [main] com.zaxxer.hikari.HikariDataSource       : HikariPool-1 - Start completed.
2026-02-04T16:10:24.776-05:00  INFO 1971 --- [code] [main] o.s.boot.tomcat.TomcatWebServer          : Tomcat started on port 8080 (http) with context path '/'
2026-02-04T16:10:24.784-05:00  INFO 1971 --- [code] [main] com.project.code.CodeApplication         : Started CodeApplication in 2.749 seconds (process running for 3.132)
2026-02-04T16:12:10.835-05:00  INFO 1971 --- [code] [SpringApplicationShutdownHook] o.s.boot.tomcat.GracefulShutdown         : Commencing graceful shutdown. Waiting for active requests to complete
2026-02-04T16:12:10.839-05:00  INFO 1971 --- [code] [tomcat-shutdown] o.s.boot.tomcat.GracefulShutdown         : Graceful shutdown complete
2026-02-04T16:12:10.844-05:00  INFO 1971 --- [code] [SpringApplicationShutdownHook] com.zaxxer.hikari.HikariDataSource       : HikariPool-1 - Shutdown initiated...
2026-02-04T16:12:10.852-05:00  INFO 1971 --- [code] [SpringApplicationShutdownHook] com.zaxxer.hikari.HikariDataSource       : HikariPool-1 - Shutdown completed.
2026-02-04T16:14:01.354-05:00  INFO 2444 --- [code] [main] com.project.code.CodeApplication         : Starting CodeApplication using Java 21.0.9 with PID 2444 (/home/project/code/target/classes started by theia in /home/project/code)
2026-02-04T16:14:01.361-05:00 DEBUG 2444 --- [code] [main] com.project.code.CodeApplication         : Running with Spring Boot v4.0.2, Spring v7.0.3
2026-02-04T16:14:01.362-05:00  INFO 2444 --- [code] [main] com.project.code.CodeApplication         : No active profile set, falling back to 1 default profile: "default"
2026-02-04T16:14:02.116-05:00  INFO 2444 --- [code] [main] .s.d.r.c.RepositoryConfigurationDelegate : Bootstrapping Spring Data JDBC repositories in DEFAULT mode.
2026-02-04T16:14:02.148-05:00  INFO 2444 --- [code] [main] .s.d.r.c.RepositoryConfigurationDelegate : Finished Spring Data repository scanning in 21 ms. Found 0 JDBC repository interfaces.
2026-02-04T16:14:02.607-05:00  INFO 2444 --- [code] [main] o.s.boot.tomcat.TomcatWebServer          : Tomcat initialized with port 8080 (http)
2026-02-04T16:14:02.624-05:00  INFO 2444 --- [code] [main] o.apache.catalina.core.StandardService   : Starting service [Tomcat]
2026-02-04T16:14:02.625-05:00  INFO 2444 --- [code] [main] o.apache.catalina.core.StandardEngine    : Starting Servlet engine: [Apache Tomcat/11.0.15]
2026-02-04T16:14:02.677-05:00  INFO 2444 --- [code] [main] b.w.c.s.WebApplicationContextInitializer : Root WebApplicationContext: initialization completed in 1255 ms
2026-02-04T16:14:03.092-05:00  INFO 2444 --- [code] [main] com.zaxxer.hikari.HikariDataSource       : HikariPool-1 - Starting...
2026-02-04T16:14:03.438-05:00  INFO 2444 --- [code] [main] com.zaxxer.hikari.pool.HikariPool        : HikariPool-1 - Added connection com.mysql.cj.jdbc.ConnectionImpl@73893ec1
2026-02-04T16:14:03.440-05:00  INFO 2444 --- [code] [main] com.zaxxer.hikari.HikariDataSource       : HikariPool-1 - Start completed.
2026-02-04T16:14:03.783-05:00  INFO 2444 --- [code] [main] o.s.boot.tomcat.TomcatWebServer          : Tomcat started on port 8080 (http) with context path '/'
2026-02-04T16:14:03.790-05:00  INFO 2444 --- [code] [main] com.project.code.CodeApplication         : Started CodeApplication in 2.944 seconds (process running for 3.32)
2026-02-04T16:19:02.020-05:00  INFO 2444 --- [code] [SpringApplicationShutdownHook] o.s.boot.tomcat.GracefulShutdown         : Commencing graceful shutdown. Waiting for active requests to complete
2026-02-04T16:19:02.025-05:00  INFO 2444 --- [code] [tomcat-shutdown] o.s.boot.tomcat.GracefulShutdown         : Graceful shutdown complete
2026-02-04T16:19:02.029-05:00  INFO 2444 --- [code] [SpringApplicationShutdownHook] com.zaxxer.hikari.HikariDataSource       : HikariPool-1 - Shutdown initiated...
2026-02-04T16:19:02.037-05:00  INFO 2444 --- [code] [SpringApplicationShutdownHook] com.zaxxer.hikari.HikariDataSource       : HikariPool-1 - Shutdown completed.
2026-02-04T16:19:14.921-05:00  INFO 3000 --- [code] [main] com.project.code.CodeApplication         : Starting CodeApplication using Java 21.0.9 with PID 3000 (/home/project/code/target/classes started by theia in /home/project/code)
2026-02-04T16:19:14.925-05:00 DEBUG 3000 --- [code] [main] com.project.code.CodeApplication         : Running with Spring Boot v4.0.2, Spring v7.0.3
2026-02-04T16:19:14.927-05:00  INFO 3000 --- [code] [main] com.project.code.CodeApplication         : No active profile set, falling back to 1 default profile: "default"
2026-02-04T16:19:15.874-05:00  INFO 3000 --- [code] [main] .s.d.r.c.RepositoryConfigurationDelegate : Bootstrapping Spring Data JDBC repositories in DEFAULT mode.
2026-02-04T16:19:15.918-05:00  INFO 3000 --- [code] [main] .s.d.r.c.RepositoryConfigurationDelegate : Finished Spring Data repository scanning in 14 ms. Found 0 JDBC repository interfaces.
2026-02-04T16:19:16.328-05:00  INFO 3000 --- [code] [main] o.s.boot.tomcat.TomcatWebServer          : Tomcat initialized with port 8080 (http)
2026-02-04T16:19:16.343-05:00  INFO 3000 --- [code] [main] o.apache.catalina.core.StandardService   : Starting service [Tomcat]
2026-02-04T16:19:16.344-05:00  INFO 3000 --- [code] [main] o.apache.catalina.core.StandardEngine    : Starting Servlet engine: [Apache Tomcat/11.0.15]
2026-02-04T16:19:16.387-05:00  INFO 3000 --- [code] [main] b.w.c.s.WebApplicationContextInitializer : Root WebApplicationContext: initialization completed in 1397 ms
2026-02-04T16:19:16.772-05:00  INFO 3000 --- [code] [main] com.zaxxer.hikari.HikariDataSource       : HikariPool-1 - Starting...
2026-02-04T16:19:17.116-05:00  INFO 3000 --- [code] [main] com.zaxxer.hikari.pool.HikariPool        : HikariPool-1 - Added connection com.mysql.cj.jdbc.ConnectionImpl@2d28fb02
2026-02-04T16:19:17.118-05:00  INFO 3000 --- [code] [main] com.zaxxer.hikari.HikariDataSource       : HikariPool-1 - Start completed.
2026-02-04T16:19:17.387-05:00  INFO 3000 --- [code] [main] o.s.boot.tomcat.TomcatWebServer          : Tomcat started on port 8080 (http) with context path '/'
2026-02-04T16:19:17.396-05:00  INFO 3000 --- [code] [main] com.project.code.CodeApplication         : Started CodeApplication in 2.994 seconds (process running for 3.425)
2026-02-04T16:19:44.287-05:00  INFO 3000 --- [code] [http-nio-8080-exec-1] o.a.c.c.C.[Tomcat].[localhost].[/]       : Initializing Spring DispatcherServlet 'dispatcherServlet'
2026-02-04T16:19:44.288-05:00  INFO 3000 --- [code] [http-nio-8080-exec-1] o.s.web.servlet.DispatcherServlet        : Initializing Servlet 'dispatcherServlet'
2026-02-04T16:19:44.291-05:00  INFO 3000 --- [code] [http-nio-8080-exec-1] o.s.web.servlet.DispatcherServlet        : Completed initialization in 2 ms
2026-02-04T16:21:23.119-05:00  INFO 3000 --- [code] [SpringApplicationShutdownHook] o.s.boot.tomcat.GracefulShutdown         : Commencing graceful shutdown. Waiting for active requests to complete
2026-02-04T16:21:23.123-05:00  INFO 3000 --- [code] [tomcat-shutdown] o.s.boot.tomcat.GracefulShutdown         : Graceful shutdown complete
2026-02-04T16:21:23.128-05:00  INFO 3000 --- [code] [SpringApplicationShutdownHook] com.zaxxer.hikari.HikariDataSource       : HikariPool-1 - Shutdown initiated...
2026-02-04T16:21:23.135-05:00  INFO 3000 --- [code] [SpringApplicationShutdownHook] com.zaxxer.hikari.HikariDataSource       : HikariPool-1 - Shutdown completed.
2026-02-04T16:21:31.751-05:00  INFO 3380 --- [code] [main] com.project.code.CodeApplication         : Starting CodeApplication using Java 21.0.9 with PID 3380 (/home/project/code/target/classes started by theia in /home/project/code)
2026-02-04T16:21:31.763-05:00 DEBUG 3380 --- [code] [main] com.project.code.CodeApplication         : Running with Spring Boot v4.0.2, Spring v7.0.3
2026-02-04T16:21:31.764-05:00  INFO 3380 --- [code] [main] com.project.code.CodeApplication         : No active profile set, falling back to 1 default profile: "default"
2026-02-04T16:21:32.596-05:00  INFO 3380 --- [code] [main] .s.d.r.c.RepositoryConfigurationDelegate : Bootstrapping Spring Data JDBC repositories in DEFAULT mode.
2026-02-04T16:21:32.621-05:00  INFO 3380 --- [code] [main] .s.d.r.c.RepositoryConfigurationDelegate : Finished Spring Data repository scanning in 16 ms. Found 0 JDBC repository interfaces.
2026-02-04T16:21:33.120-05:00  INFO 3380 --- [code] [main] o.s.boot.tomcat.TomcatWebServer          : Tomcat initialized with port 8080 (http)
2026-02-04T16:21:33.134-05:00  INFO 3380 --- [code] [main] o.apache.catalina.core.StandardService   : Starting service [Tomcat]
2026-02-04T16:21:33.135-05:00  INFO 3380 --- [code] [main] o.apache.catalina.core.StandardEngine    : Starting Servlet engine: [Apache Tomcat/11.0.15]
2026-02-04T16:21:33.175-05:00  INFO 3380 --- [code] [main] b.w.c.s.WebApplicationContextInitializer : Root WebApplicationContext: initialization completed in 1353 ms
2026-02-04T16:21:33.774-05:00  INFO 3380 --- [code] [main] com.zaxxer.hikari.HikariDataSource       : HikariPool-1 - Starting...
2026-02-04T16:21:34.216-05:00  INFO 3380 --- [code] [main] com.zaxxer.hikari.pool.HikariPool        : HikariPool-1 - Added connection com.mysql.cj.jdbc.ConnectionImpl@36211bbc
2026-02-04T16:21:34.220-05:00  INFO 3380 --- [code] [main] com.zaxxer.hikari.HikariDataSource       : HikariPool-1 - Start completed.
2026-02-04T16:21:34.514-05:00  INFO 3380 --- [code] [main] o.s.b.a.e.web.EndpointLinksResolver      : Exposing 1 endpoint beneath base path '/actuator'
2026-02-04T16:21:34.609-05:00  INFO 3380 --- [code] [main] o.s.boot.tomcat.TomcatWebServer          : Tomcat started on port 8080 (http) with context path '/'
2026-02-04T16:21:34.621-05:00  INFO 3380 --- [code] [main] com.project.code.CodeApplication         : Started CodeApplication in 3.299 seconds (process running for 3.684)
2026-02-04T16:21:44.401-05:00  INFO 3380 --- [code] [http-nio-8080-exec-1] o.a.c.c.C.[Tomcat].[localhost].[/]       : Initializing Spring DispatcherServlet 'dispatcherServlet'
2026-02-04T16:21:44.402-05:00  INFO 3380 --- [code] [http-nio-8080-exec-1] o.s.web.servlet.DispatcherServlet        : Initializing Servlet 'dispatcherServlet'
2026-02-04T16:21:44.405-05:00  INFO 3380 --- [code] [http-nio-8080-exec-1] o.s.web.servlet.DispatcherServlet        : Completed initialization in 3 ms
